../Core/Src/main.c:92:5:data_from_iot	8	static
../Core/Src/main.c:127:5:action	16	static
../Core/Src/main.c:158:6:iot_data_send_to_target_set	16	static
../Core/Src/main.c:180:6:motor_drive_clockwise	8	static
../Core/Src/main.c:199:6:motor_drive_anticlockwise	8	static
../Core/Src/main.c:215:6:motor_drive_stop	8	static
../Core/Src/main.c:227:7:adc_value	8	static
../Core/Src/main.c:243:5:main	8	static
../Core/Src/main.c:312:6:SystemClock_Config	88	static
../Core/Src/main.c:351:13:MX_ADC1_Init	24	static
../Core/Src/main.c:401:13:MX_TIM1_Init	96	static
../Core/Src/main.c:476:13:MX_TIM6_Init	16	static
../Core/Src/main.c:514:13:MX_USART1_UART_Init	8	static
../Core/Src/main.c:547:13:MX_USART2_UART_Init	8	static
../Core/Src/main.c:580:13:MX_USART3_UART_Init	8	static
../Core/Src/main.c:613:13:MX_GPIO_Init	48	static
../Core/Src/main.c:646:6:HAL_TIM_PeriodElapsedCallback	16	static
../Core/Src/main.c:677:6:Error_Handler	4	static
